#-----------------------------------------------------------
# Vivado v2025.1 (64-bit)
# SW Build 6140274 on Wed May 21 22:58:25 MDT 2025
# IP Build 6138677 on Thu May 22 03:10:11 MDT 2025
# SharedData Build 6139179 on Tue May 20 17:58:58 MDT 2025
# Start of session at: Mon Nov 10 00:43:30 2025
# Process ID         : 184597
# Current directory  : /home/greskad74/barbosa/Usart/Usart.runs/synth_1
# Command line       : vivado -log echo.vds -product Vivado -mode batch -messageDb vivado.pb -notrace -source echo.tcl
# Log file           : /home/greskad74/barbosa/Usart/Usart.runs/synth_1/echo.vds
# Journal file       : /home/greskad74/barbosa/Usart/Usart.runs/synth_1/vivado.jou
# Running On         : debian
# Platform           : Debian
# Operating System   : Debian GNU/Linux 12 (bookworm)
# Processor Detail   : Intel(R) Core(TM) i5-1035G1 CPU @ 1.00GHz
# CPU Frequency      : 3218.045 MHz
# CPU Physical cores : 4
# CPU Logical cores  : 8
# Host memory        : 12276 MB
# Swap memory        : 1024 MB
# Total Virtual      : 13300 MB
# Available Virtual  : 5541 MB
#-----------------------------------------------------------
source echo.tcl -notrace
